<?xml version="1.0" encoding="UTF-8"?>
<!DOCTYPE plist PUBLIC "-//Apple//DTD PLIST 1.0//EN" "http://www.apple.com/DTDs/PropertyList-1.0.dtd">
<plist version="1.0">
<dict>
	<key>_reportPID</key>
	<integer>249</integer>
	<key>_reportProcessName</key>
	<string>searchd</string>
	<key>_reportTime</key>
	<string>2026-05-03-19-00-08</string>
	<key>age_corespotlight_index</key>
	<integer>29276634</integer>
	<key>age_heartbeat</key>
	<integer>29276634</integer>
	<key>config_global</key>
	<integer>0</integer>
	<key>config_locale</key>
	<string>en_US</string>
	<key>config_ota_version</key>
	<string>133.5.2</string>
	<key>data_collection_error</key>
	<integer>0</integer>
	<key>index_a_age</key>
	<integer>29276194</integer>
	<key>index_a_config</key>
	<integer>0</integer>
	<key>index_a_count_add_journaled</key>
	<integer>0</integer>
	<key>index_a_count_add_processed</key>
	<integer>0</integer>
	<key>index_a_count_add_request</key>
	<integer>0</integer>
	<key>index_a_count_delete_journaled</key>
	<integer>4</integer>
	<key>index_a_count_delete_processed</key>
	<integer>2</integer>
	<key>index_a_count_delete_request</key>
	<integer>2</integer>
	<key>index_a_count_drop</key>
	<integer>0</integer>
	<key>index_a_count_drop_total</key>
	<integer>0</integer>
	<key>index_a_count_open_clean</key>
	<integer>0</integer>
	<key>index_a_count_open_dirty</key>
	<integer>0</integer>
	<key>index_a_count_update_journaled</key>
	<integer>0</integer>
	<key>index_a_count_update_processed</key>
	<integer>0</integer>
	<key>index_a_count_update_request</key>
	<integer>0</integer>
	<key>index_a_max_index_gen_merge_level</key>
	<integer>1</integer>
	<key>index_a_max_journal_file_bytes</key>
	<integer>0</integer>
	<key>index_a_num_file</key>
	<integer>90</integer>
	<key>index_a_num_index_gen_compacted</key>
	<integer>1</integer>
	<key>index_a_num_index_gen_non_compacted</key>
	<integer>1</integer>
	<key>index_a_num_index_gen_read_only</key>
	<integer>1</integer>
	<key>index_a_num_index_gen_writeable</key>
	<integer>1</integer>
	<key>index_a_num_journal_file</key>
	<integer>1</integer>
	<key>index_a_num_object_sdb</key>
	<integer>21</integer>
	<key>index_a_sdb_file_size_bytes</key>
	<integer>200704</integer>
	<key>index_a_sdb_shadow_file_size_bytes</key>
	<integer>200704</integer>
	<key>index_a_size_bytes</key>
	<integer>1464137</integer>
	<key>index_a_time_since_last_open_clean</key>
	<integer>70288</integer>
	<key>index_a_time_since_merge_vacuum_end</key>
	<integer>9503</integer>
	<key>index_a_time_since_merge_vacuum_start</key>
	<integer>9503</integer>
	<key>index_a_time_since_sync_end</key>
	<integer>2</integer>
	<key>index_a_time_since_sync_start</key>
	<integer>2</integer>
	<key>index_b_age</key>
	<integer>26197073</integer>
	<key>index_b_config</key>
	<integer>0</integer>
	<key>index_b_count_add_journaled</key>
	<integer>0</integer>
	<key>index_b_count_add_processed</key>
	<integer>0</integer>
	<key>index_b_count_add_request</key>
	<integer>0</integer>
	<key>index_b_count_delete_journaled</key>
	<integer>0</integer>
	<key>index_b_count_delete_processed</key>
	<integer>0</integer>
	<key>index_b_count_delete_request</key>
	<integer>0</integer>
	<key>index_b_count_drop</key>
	<integer>0</integer>
	<key>index_b_count_drop_total</key>
	<integer>0</integer>
	<key>index_b_count_open_clean</key>
	<integer>0</integer>
	<key>index_b_count_open_dirty</key>
	<integer>0</integer>
	<key>index_b_count_update_journaled</key>
	<integer>0</integer>
	<key>index_b_count_update_processed</key>
	<integer>0</integer>
	<key>index_b_count_update_request</key>
	<integer>0</integer>
	<key>index_b_max_index_gen_merge_level</key>
	<integer>1</integer>
	<key>index_b_max_journal_file_bytes</key>
	<integer>32</integer>
	<key>index_b_num_file</key>
	<integer>88</integer>
	<key>index_b_num_index_gen_compacted</key>
	<integer>1</integer>
	<key>index_b_num_index_gen_non_compacted</key>
	<integer>1</integer>
	<key>index_b_num_index_gen_read_only</key>
	<integer>1</integer>
	<key>index_b_num_index_gen_writeable</key>
	<integer>1</integer>
	<key>index_b_num_journal_file</key>
	<integer>1</integer>
	<key>index_b_num_object_sdb</key>
	<integer>3</integer>
	<key>index_b_sdb_file_size_bytes</key>
	<integer>36864</integer>
	<key>index_b_sdb_shadow_file_size_bytes</key>
	<integer>36864</integer>
	<key>index_b_size_bytes</key>
	<integer>1030030</integer>
	<key>index_b_time_since_last_open_clean</key>
	<integer>70288</integer>
	<key>index_b_time_since_merge_vacuum_end</key>
	<integer>9485</integer>
	<key>index_b_time_since_merge_vacuum_start</key>
	<integer>9486</integer>
	<key>index_b_time_since_sync_end</key>
	<integer>2</integer>
	<key>index_b_time_since_sync_start</key>
	<integer>2</integer>
	<key>index_c_age</key>
	<integer>29276634</integer>
	<key>index_c_config</key>
	<integer>0</integer>
	<key>index_c_count_add_journaled</key>
	<integer>12</integer>
	<key>index_c_count_add_processed</key>
	<integer>12</integer>
	<key>index_c_count_add_request</key>
	<integer>12</integer>
	<key>index_c_count_delete_journaled</key>
	<integer>9</integer>
	<key>index_c_count_delete_processed</key>
	<integer>3</integer>
	<key>index_c_count_delete_request</key>
	<integer>3</integer>
	<key>index_c_count_drop</key>
	<integer>0</integer>
	<key>index_c_count_drop_total</key>
	<integer>0</integer>
	<key>index_c_count_open_clean</key>
	<integer>0</integer>
	<key>index_c_count_open_dirty</key>
	<integer>0</integer>
	<key>index_c_count_update_journaled</key>
	<integer>4528</integer>
	<key>index_c_count_update_processed</key>
	<integer>4668</integer>
	<key>index_c_count_update_request</key>
	<integer>4528</integer>
	<key>index_c_max_index_gen_merge_level</key>
	<integer>1</integer>
	<key>index_c_max_journal_file_bytes</key>
	<integer>704</integer>
	<key>index_c_num_file</key>
	<integer>111</integer>
	<key>index_c_num_index_gen_compacted</key>
	<integer>1</integer>
	<key>index_c_num_index_gen_non_compacted</key>
	<integer>1</integer>
	<key>index_c_num_index_gen_read_only</key>
	<integer>1</integer>
	<key>index_c_num_index_gen_writeable</key>
	<integer>1</integer>
	<key>index_c_num_journal_file</key>
	<integer>1</integer>
	<key>index_c_num_object_sdb</key>
	<integer>101886</integer>
	<key>index_c_sdb_file_size_bytes</key>
	<integer>64704512</integer>
	<key>index_c_sdb_shadow_file_size_bytes</key>
	<integer>64704512</integer>
	<key>index_c_size_bytes</key>
	<integer>409958218</integer>
	<key>index_c_time_since_last_open_clean</key>
	<integer>70289</integer>
	<key>index_c_time_since_last_open_dirty</key>
	<integer>95045</integer>
	<key>index_c_time_since_merge_end</key>
	<integer>149378</integer>
	<key>index_c_time_since_merge_start</key>
	<integer>149398</integer>
	<key>index_c_time_since_merge_vacuum_end</key>
	<integer>9468</integer>
	<key>index_c_time_since_merge_vacuum_start</key>
	<integer>9503</integer>
	<key>index_c_time_since_sync_end</key>
	<integer>460</integer>
	<key>index_c_time_since_sync_start</key>
	<integer>460</integer>
	<key>index_cx_age</key>
	<integer>26197073</integer>
	<key>index_cx_config</key>
	<integer>0</integer>
	<key>index_cx_count_add_journaled</key>
	<integer>0</integer>
	<key>index_cx_count_add_processed</key>
	<integer>0</integer>
	<key>index_cx_count_add_request</key>
	<integer>0</integer>
	<key>index_cx_count_delete_journaled</key>
	<integer>0</integer>
	<key>index_cx_count_delete_processed</key>
	<integer>0</integer>
	<key>index_cx_count_delete_request</key>
	<integer>0</integer>
	<key>index_cx_count_drop</key>
	<integer>0</integer>
	<key>index_cx_count_drop_total</key>
	<integer>0</integer>
	<key>index_cx_count_open_clean</key>
	<integer>0</integer>
	<key>index_cx_count_open_dirty</key>
	<integer>0</integer>
	<key>index_cx_count_update_journaled</key>
	<integer>0</integer>
	<key>index_cx_count_update_processed</key>
	<integer>0</integer>
	<key>index_cx_count_update_request</key>
	<integer>0</integer>
	<key>index_cx_max_index_gen_merge_level</key>
	<integer>1</integer>
	<key>index_cx_max_journal_file_bytes</key>
	<integer>4416</integer>
	<key>index_cx_num_file</key>
	<integer>89</integer>
	<key>index_cx_num_index_gen_compacted</key>
	<integer>1</integer>
	<key>index_cx_num_index_gen_non_compacted</key>
	<integer>1</integer>
	<key>index_cx_num_index_gen_read_only</key>
	<integer>1</integer>
	<key>index_cx_num_index_gen_writeable</key>
	<integer>1</integer>
	<key>index_cx_num_journal_file</key>
	<integer>3</integer>
	<key>index_cx_num_object_sdb</key>
	<integer>3</integer>
	<key>index_cx_sdb_file_size_bytes</key>
	<integer>36864</integer>
	<key>index_cx_sdb_shadow_file_size_bytes</key>
	<integer>36864</integer>
	<key>index_cx_size_bytes</key>
	<integer>1034276</integer>
	<key>index_cx_time_since_last_open_clean</key>
	<integer>70289</integer>
	<key>index_cx_time_since_merge_vacuum_end</key>
	<integer>9503</integer>
	<key>index_cx_time_since_merge_vacuum_start</key>
	<integer>9503</integer>
	<key>index_cx_time_since_sync_end</key>
	<integer>9503</integer>
	<key>index_cx_time_since_sync_start</key>
	<integer>9503</integer>
	<key>index_mail_age</key>
	<integer>29276634</integer>
	<key>index_mail_config</key>
	<integer>0</integer>
	<key>index_mail_count_add_journaled</key>
	<integer>1</integer>
	<key>index_mail_count_add_processed</key>
	<integer>1</integer>
	<key>index_mail_count_add_request</key>
	<integer>1</integer>
	<key>index_mail_count_delete_journaled</key>
	<integer>0</integer>
	<key>index_mail_count_delete_processed</key>
	<integer>0</integer>
	<key>index_mail_count_delete_request</key>
	<integer>0</integer>
	<key>index_mail_count_drop</key>
	<integer>0</integer>
	<key>index_mail_count_drop_total</key>
	<integer>0</integer>
	<key>index_mail_count_open_clean</key>
	<integer>0</integer>
	<key>index_mail_count_open_dirty</key>
	<integer>0</integer>
	<key>index_mail_count_update_journaled</key>
	<integer>4824</integer>
	<key>index_mail_count_update_processed</key>
	<integer>4825</integer>
	<key>index_mail_count_update_request</key>
	<integer>4821</integer>
	<key>index_mail_max_index_gen_merge_level</key>
	<integer>1</integer>
	<key>index_mail_max_journal_file_bytes</key>
	<integer>0</integer>
	<key>index_mail_num_file</key>
	<integer>110</integer>
	<key>index_mail_num_index_gen_compacted</key>
	<integer>1</integer>
	<key>index_mail_num_index_gen_non_compacted</key>
	<integer>1</integer>
	<key>index_mail_num_index_gen_read_only</key>
	<integer>1</integer>
	<key>index_mail_num_index_gen_writeable</key>
	<integer>1</integer>
	<key>index_mail_num_journal_file</key>
	<integer>1</integer>
	<key>index_mail_num_object_sdb</key>
	<integer>35470</integer>
	<key>index_mail_sdb_file_size_bytes</key>
	<integer>22204416</integer>
	<key>index_mail_sdb_shadow_file_size_bytes</key>
	<integer>22204416</integer>
	<key>index_mail_size_bytes</key>
	<integer>135234381</integer>
	<key>index_mail_time_since_last_open_clean</key>
	<integer>70289</integer>
	<key>index_mail_time_since_last_open_dirty</key>
	<integer>95045</integer>
	<key>index_mail_time_since_merge_end</key>
	<integer>471982</integer>
	<key>index_mail_time_since_merge_start</key>
	<integer>471986</integer>
	<key>index_mail_time_since_merge_vacuum_end</key>
	<integer>9484</integer>
	<key>index_mail_time_since_merge_vacuum_start</key>
	<integer>9491</integer>
	<key>index_mail_time_since_sync_end</key>
	<integer>460</integer>
	<key>index_mail_time_since_sync_start</key>
	<integer>460</integer>
	<key>index_priority_age</key>
	<integer>29276567</integer>
	<key>index_priority_config</key>
	<integer>0</integer>
	<key>index_priority_count_add_journaled</key>
	<integer>28</integer>
	<key>index_priority_count_add_processed</key>
	<integer>28</integer>
	<key>index_priority_count_add_request</key>
	<integer>28</integer>
	<key>index_priority_count_delete_journaled</key>
	<integer>8</integer>
	<key>index_priority_count_delete_processed</key>
	<integer>0</integer>
	<key>index_priority_count_delete_request</key>
	<integer>8</integer>
	<key>index_priority_count_drop</key>
	<integer>0</integer>
	<key>index_priority_count_drop_total</key>
	<integer>0</integer>
	<key>index_priority_count_open_clean</key>
	<integer>0</integer>
	<key>index_priority_count_open_dirty</key>
	<integer>0</integer>
	<key>index_priority_count_update_journaled</key>
	<integer>654</integer>
	<key>index_priority_count_update_processed</key>
	<integer>653</integer>
	<key>index_priority_count_update_request</key>
	<integer>654</integer>
	<key>index_priority_max_index_gen_merge_level</key>
	<integer>1</integer>
	<key>index_priority_max_journal_file_bytes</key>
	<integer>140</integer>
	<key>index_priority_num_file</key>
	<integer>101</integer>
	<key>index_priority_num_index_gen_compacted</key>
	<integer>1</integer>
	<key>index_priority_num_index_gen_non_compacted</key>
	<integer>1</integer>
	<key>index_priority_num_index_gen_read_only</key>
	<integer>1</integer>
	<key>index_priority_num_index_gen_writeable</key>
	<integer>1</integer>
	<key>index_priority_num_journal_file</key>
	<integer>3</integer>
	<key>index_priority_num_object_sdb</key>
	<integer>1626</integer>
	<key>index_priority_sdb_file_size_bytes</key>
	<integer>1069056</integer>
	<key>index_priority_sdb_shadow_file_size_bytes</key>
	<integer>1069056</integer>
	<key>index_priority_size_bytes</key>
	<integer>7921558</integer>
	<key>index_priority_time_since_last_open_clean</key>
	<integer>70288</integer>
	<key>index_priority_time_since_last_open_dirty</key>
	<integer>8898066</integer>
	<key>index_priority_time_since_merge_vacuum_end</key>
	<integer>9501</integer>
	<key>index_priority_time_since_merge_vacuum_start</key>
	<integer>9502</integer>
	<key>index_priority_time_since_sync_end</key>
	<integer>171</integer>
	<key>index_priority_time_since_sync_start</key>
	<integer>171</integer>
	<key>system_fs_free_space_bytes</key>
	<integer>23797907456</integer>
	<key>system_fs_mount_flags</key>
	<integer>343969944</integer>
	<key>system_fs_total_space_bytes</key>
	<integer>122525134848</integer>
	<key>system_fs_type</key>
	<string>apfs</string>
	<key>system_total_ram_gb</key>
	<integer>8</integer>
	<key>system_volume_flags</key>
	<integer>18296925792237518977</integer>
	<key>time_since_last_heartbeat</key>
	<integer>5834</integer>
	<key>time_since_launch_1</key>
	<integer>70314</integer>
	<key>time_since_launch_2</key>
	<integer>95046</integer>
	<key>time_since_launch_3</key>
	<integer>151843</integer>
	<key>time_since_software_update</key>
	<integer>1376589</integer>
	<key>version_build</key>
	<string>23E261</string>
	<key>version_build_previous</key>
	<string>23D8133</string>
	<key>version_spotlight</key>
	<string>2418.4.13.104</string>
	<key>version_spotlight_previous</key>
	<string>2400.22</string>
	<key>version_train_previous</key>
	<string>23D8133</string>
</dict>
</plist>
